// Jest Snapshot v1, https://goo.gl/fbAQLP

exports[`Main component rendering Render to match snapshot 1`] = `
<div
  className="footer container"
>
  <span
    className="Footer-social"
  >
    <a
      className="twitter-follow-button"
      data-lang="en"
      data-show-count="true"
      href="https://twitter.com/greentwip"
    >
      @greentwip
    </a>
    <a
      className="twitter-share-button"
      data-count="horizontal"
      data-related="Greentwip:Creator of CRUD Web Admin Panel"
      data-text="A showcase of traditionally CRUD problems, easily solved using react."
      data-url="https://github.com/VictorJL/react-web-admin-app"
      data-via="greentwip"
      href="https://twitter.com/share"
    >
      Tweet
    </a>
  </span>
  <div
    className="Footer-credits"
  >
    <span
      className="Footer-credit"
    >
      Created and maintained by 
      <a
        href="https://twitter.com/Greentwip"
      >
        Victor Lopez
      </a>
      . 
    </span>
    <span
      className="Footer-credit"
    >
      Source code and examples released under the 
      <a
        href="https://github.com/VictorJL/react-web-admin-app/blob/master/LICENSE"
      >
        MIT
      </a>
       license.
    </span>
  </div>
</div>
`;
